// Jest Snapshot v1, https://goo.gl/fbAQLP

exports[`theme it provides basic theme correctly 1`] = `
<div>
  <h1
    class="MuiTypography-root MuiTypography-h1"
  >
    Hello World
  </h1>
</div>
`;
